// Jest Snapshot v1, https://goo.gl/fbAQLP

exports[`Renders root 1`] = `
<Provider
  store={
    Object {
      "dispatch": [Function],
      "getState": [Function],
      "replaceReducer": [Function],
      "subscribe": [Function],
      Symbol(observable): [Function],
    }
  }
>
  <React.Fragment>
    <h1>
      Hello
    </h1>
    <Connect(Currencies) />
  </React.Fragment>
</Provider>
`;
